=========================================
  Pentaminós — Resolução e Jogo Interativo
=========================================

[1] Resolver
[2] Jogar
[0] Sair
> Linhas (m): Colunas (n): Validação: OK
Estratégia: [d]fs ou [b]fs ?
> Encontrar todas as soluções? (s/n): 
--- Resultado (DFS) ---
Soluções encontradas : 1
Estados explorados   : 16
Tempo decorrido      : 8.91 ms

Solução #1:
  0 1 2 3 4 5 
0 Z Y Y Y Y W 
1 Z Z Z Y W W 
2 U U Z W W T 
3 U N N T T T 
4 U U N N N T 


[1] Resolver
[2] Jogar
[0] Sair
> 