=========================================
  Pentaminós — Resolução e Jogo Interativo
=========================================

[1] Resolver
[2] Jogar
[0] Sair
> Linhas (m): Colunas (n): Validação: OK
Estratégia: [d]fs ou [b]fs ?
> Encontrar todas as soluções? (s/n): 
--- Resultado (DFS) ---
Soluções encontradas : 1
Estados explorados   : 2814
Tempo decorrido      : 68.87 ms

Solução #1:
  0 1 2 3 4 5 6 7 8 9 
0 Z Y Y Y Y X V V V L 
1 Z Z Z Y X X X W V L 
2 N N Z U U X W W V L 
3 T N N N U W W F L L 
4 T T T U U F F F P P 
5 T I I I I I F P P P 


[1] Resolver
[2] Jogar
[0] Sair
> 